// Jest Snapshot v1, https://goo.gl/fbAQLP

exports[`Test <GifExpertApp /> Test: Componente [GifExpertApp] 1`] = `
<Fragment>
  <h2>
    Gifs Expert App
  </h2>
  <hr />
  <AddCategory
    setCategories={[Function]}
  />
  <ol>
    <GifGrid
      category="dogs"
      key="0"
    />
  </ol>
</Fragment>
`;
